2026-04-12T00:04:40+00:00 WARNING Product feed scheduling failed: Integration not configured. : {"flow_name":"product_feed","flow_step":"schedule_feed_generation"}
2026-04-12T00:04:40+00:00 WARNING Language override feed scheduling failed: Integration not configured. : {"flow_name":"language_override_feed","flow_step":"schedule_feed_generation"}
2026-04-12T00:04:40+00:00 ERROR Error persisting Meta logs: Cannot create the API instance because the access token is missing. : []
2026-04-12T00:04:40+00:00 ERROR Error persisting Meta logs: Cannot create the API instance because the access token is missing. : []
2026-04-12T00:09:29+00:00 ERROR Error persisting Meta logs: Cannot create the API instance because the access token is missing. : []
2026-04-12T00:09:29+00:00 ERROR Error persisting Meta logs: Cannot create the API instance because the access token is missing. : []
2026-04-12T00:14:23+00:00 ERROR Error persisting Meta logs: Cannot create the API instance because the access token is missing. : []
2026-04-12T00:14:23+00:00 ERROR Error persisting Meta logs: Cannot create the API instance because the access token is missing. : []
2026-04-12T00:19:36+00:00 ERROR Error persisting Meta logs: Cannot create the API instance because the access token is missing. : []
2026-04-12T00:19:36+00:00 ERROR Error persisting Meta logs: Cannot create the API instance because the access token is missing. : []
2026-04-12T00:41:26+00:00 ERROR Error persisting Meta logs: Cannot create the API instance because the access token is missing. : []
2026-04-12T00:41:26+00:00 ERROR Error persisting Meta logs: Cannot create the API instance because the access token is missing. : []
2026-04-12T00:46:37+00:00 ERROR Error persisting Meta logs: Cannot create the API instance because the access token is missing. : []
2026-04-12T00:46:37+00:00 ERROR Error persisting Meta logs: Cannot create the API instance because the access token is missing. : []
2026-04-12T00:50:34+00:00 ERROR Error persisting Meta logs: Cannot create the API instance because the access token is missing. : []
2026-04-12T00:50:34+00:00 ERROR Error persisting Meta logs: Cannot create the API instance because the access token is missing. : []
2026-04-12T00:56:03+00:00 ERROR Error persisting Meta logs: Cannot create the API instance because the access token is missing. : []
2026-04-12T00:56:03+00:00 ERROR Error persisting Meta logs: Cannot create the API instance because the access token is missing. : []
2026-04-12T01:12:42+00:00 ERROR Error persisting Meta logs: Cannot create the API instance because the access token is missing. : []
2026-04-12T01:12:42+00:00 ERROR Error persisting Meta logs: Cannot create the API instance because the access token is missing. : []
2026-04-12T01:12:42+00:00 WARNING Product feed scheduling failed: Integration not configured. : {"flow_name":"product_feed","flow_step":"schedule_feed_generation"}
2026-04-12T01:12:42+00:00 WARNING Language override feed scheduling failed: Integration not configured. : {"flow_name":"language_override_feed","flow_step":"schedule_feed_generation"}
2026-04-12T01:17:40+00:00 ERROR Error persisting Meta logs: Cannot create the API instance because the access token is missing. : []
2026-04-12T01:17:40+00:00 ERROR Error persisting Meta logs: Cannot create the API instance because the access token is missing. : []
2026-04-12T01:22:19+00:00 ERROR Error persisting Meta logs: Cannot create the API instance because the access token is missing. : []
2026-04-12T01:22:19+00:00 ERROR Error persisting Meta logs: Cannot create the API instance because the access token is missing. : []
2026-04-12T01:28:54+00:00 ERROR Error persisting Meta logs: Cannot create the API instance because the access token is missing. : []
2026-04-12T01:28:54+00:00 ERROR Error persisting Meta logs: Cannot create the API instance because the access token is missing. : []
2026-04-12T01:32:47+00:00 ERROR Error persisting Meta logs: Cannot create the API instance because the access token is missing. : []
2026-04-12T01:32:47+00:00 ERROR Error persisting Meta logs: Cannot create the API instance because the access token is missing. : []
2026-04-12T01:36:48+00:00 ERROR Error persisting Meta logs: Cannot create the API instance because the access token is missing. : []
2026-04-12T01:36:48+00:00 ERROR Error persisting Meta logs: Cannot create the API instance because the access token is missing. : []
2026-04-12T01:41:42+00:00 ERROR Error persisting Meta logs: Cannot create the API instance because the access token is missing. : []
2026-04-12T01:41:42+00:00 ERROR Error persisting Meta logs: Cannot create the API instance because the access token is missing. : []
2026-04-12T01:46:38+00:00 ERROR Error persisting Meta logs: Cannot create the API instance because the access token is missing. : []
2026-04-12T01:46:38+00:00 ERROR Error persisting Meta logs: Cannot create the API instance because the access token is missing. : []
2026-04-12T01:59:30+00:00 ERROR Error persisting Meta logs: Cannot create the API instance because the access token is missing. : []
2026-04-12T01:59:30+00:00 ERROR Error persisting Meta logs: Cannot create the API instance because the access token is missing. : []
2026-04-12T02:01:27+00:00 ERROR Error persisting Meta logs: Cannot create the API instance because the access token is missing. : []
2026-04-12T02:01:27+00:00 ERROR Error persisting Meta logs: Cannot create the API instance because the access token is missing. : []
2026-04-12T02:05:51+00:00 ERROR Error persisting error logs: Cannot create the API instance because the access token is missing. : []
2026-04-12T02:06:29+00:00 ERROR Error persisting Meta logs: Cannot create the API instance because the access token is missing. : []
2026-04-12T02:06:29+00:00 ERROR Error persisting Meta logs: Cannot create the API instance because the access token is missing. : []
2026-04-12T02:12:48+00:00 ERROR Error persisting Meta logs: Cannot create the API instance because the access token is missing. : []
2026-04-12T02:12:48+00:00 ERROR Error persisting Meta logs: Cannot create the API instance because the access token is missing. : []
2026-04-12T02:16:20+00:00 ERROR Error persisting Meta logs: Cannot create the API instance because the access token is missing. : []
2026-04-12T02:16:20+00:00 ERROR Error persisting Meta logs: Cannot create the API instance because the access token is missing. : []
2026-04-12T02:21:53+00:00 ERROR Error persisting Meta logs: Cannot create the API instance because the access token is missing. : []
2026-04-12T02:21:53+00:00 ERROR Error persisting Meta logs: Cannot create the API instance because the access token is missing. : []
2026-04-12T02:28:23+00:00 ERROR Error persisting Meta logs: Cannot create the API instance because the access token is missing. : []
2026-04-12T02:28:24+00:00 ERROR Error persisting Meta logs: Cannot create the API instance because the access token is missing. : []
2026-04-12T02:36:46+00:00 ERROR Error persisting Meta logs: Cannot create the API instance because the access token is missing. : []
2026-04-12T02:36:46+00:00 ERROR Error persisting Meta logs: Cannot create the API instance because the access token is missing. : []
2026-04-12T02:37:28+00:00 ERROR Error persisting Meta logs: Cannot create the API instance because the access token is missing. : []
2026-04-12T02:37:28+00:00 ERROR Error persisting Meta logs: Cannot create the API instance because the access token is missing. : []
2026-04-12T02:42:15+00:00 ERROR Error persisting Meta logs: Cannot create the API instance because the access token is missing. : []
2026-04-12T02:42:15+00:00 ERROR Error persisting Meta logs: Cannot create the API instance because the access token is missing. : []
2026-04-12T02:57:04+00:00 ERROR Error persisting Meta logs: Cannot create the API instance because the access token is missing. : []
2026-04-12T02:57:04+00:00 ERROR Error persisting Meta logs: Cannot create the API instance because the access token is missing. : []
2026-04-12T02:57:31+00:00 ERROR Error persisting Meta logs: Cannot create the API instance because the access token is missing. : []
2026-04-12T02:57:31+00:00 ERROR Error persisting Meta logs: Cannot create the API instance because the access token is missing. : []
2026-04-12T03:12:19+00:00 ERROR Error persisting Meta logs: Cannot create the API instance because the access token is missing. : []
2026-04-12T03:12:19+00:00 ERROR Error persisting Meta logs: Cannot create the API instance because the access token is missing. : []
2026-04-12T03:12:19+00:00 WARNING Product feed scheduling failed: Integration not configured. : {"flow_name":"product_feed","flow_step":"schedule_feed_generation"}
2026-04-12T03:12:19+00:00 WARNING Language override feed scheduling failed: Integration not configured. : {"flow_name":"language_override_feed","flow_step":"schedule_feed_generation"}
2026-04-12T03:17:01+00:00 ERROR Error persisting Meta logs: Cannot create the API instance because the access token is missing. : []
2026-04-12T03:17:01+00:00 ERROR Error persisting Meta logs: Cannot create the API instance because the access token is missing. : []
2026-04-12T03:18:37+00:00 ERROR Error persisting Meta logs: Cannot create the API instance because the access token is missing. : []
2026-04-12T03:18:37+00:00 ERROR Error persisting Meta logs: Cannot create the API instance because the access token is missing. : []
2026-04-12T03:31:27+00:00 ERROR Error persisting Meta logs: Cannot create the API instance because the access token is missing. : []
2026-04-12T03:31:27+00:00 ERROR Error persisting Meta logs: Cannot create the API instance because the access token is missing. : []
2026-04-12T03:37:44+00:00 ERROR Error persisting Meta logs: Cannot create the API instance because the access token is missing. : []
2026-04-12T03:37:44+00:00 ERROR Error persisting Meta logs: Cannot create the API instance because the access token is missing. : []
2026-04-12T03:43:16+00:00 ERROR Error persisting Meta logs: Cannot create the API instance because the access token is missing. : []
2026-04-12T03:43:16+00:00 ERROR Error persisting Meta logs: Cannot create the API instance because the access token is missing. : []
2026-04-12T03:44:04+00:00 ERROR Error persisting Meta logs: Cannot create the API instance because the access token is missing. : []
2026-04-12T03:44:04+00:00 ERROR Error persisting Meta logs: Cannot create the API instance because the access token is missing. : []
2026-04-12T03:50:08+00:00 ERROR Error persisting Meta logs: Cannot create the API instance because the access token is missing. : []
2026-04-12T03:50:08+00:00 ERROR Error persisting Meta logs: Cannot create the API instance because the access token is missing. : []
2026-04-12T03:51:36+00:00 ERROR Error persisting Meta logs: Cannot create the API instance because the access token is missing. : []
2026-04-12T03:51:36+00:00 ERROR Error persisting Meta logs: Cannot create the API instance because the access token is missing. : []
2026-04-12T03:59:24+00:00 ERROR Error persisting Meta logs: Cannot create the API instance because the access token is missing. : []
2026-04-12T03:59:24+00:00 ERROR Error persisting Meta logs: Cannot create the API instance because the access token is missing. : []
2026-04-12T04:01:24+00:00 ERROR Error persisting Meta logs: Cannot create the API instance because the access token is missing. : []
2026-04-12T04:01:24+00:00 ERROR Error persisting Meta logs: Cannot create the API instance because the access token is missing. : []
2026-04-12T04:14:54+00:00 ERROR Error persisting Meta logs: Cannot create the API instance because the access token is missing. : []
2026-04-12T04:14:54+00:00 ERROR Error persisting Meta logs: Cannot create the API instance because the access token is missing. : []
2026-04-12T04:19:10+00:00 ERROR Error persisting Meta logs: Cannot create the API instance because the access token is missing. : []
2026-04-12T04:19:10+00:00 ERROR Error persisting Meta logs: Cannot create the API instance because the access token is missing. : []
2026-04-12T04:20:44+00:00 ERROR Error persisting Meta logs: Cannot create the API instance because the access token is missing. : []
2026-04-12T04:20:44+00:00 ERROR Error persisting Meta logs: Cannot create the API instance because the access token is missing. : []
2026-04-12T04:23:58+00:00 ERROR Error persisting Meta logs: Cannot create the API instance because the access token is missing. : []
2026-04-12T04:23:58+00:00 ERROR Error persisting Meta logs: Cannot create the API instance because the access token is missing. : []
2026-04-12T04:29:38+00:00 ERROR Error persisting Meta logs: Cannot create the API instance because the access token is missing. : []
2026-04-12T04:29:38+00:00 ERROR Error persisting Meta logs: Cannot create the API instance because the access token is missing. : []
2026-04-12T04:31:21+00:00 ERROR Error persisting Meta logs: Cannot create the API instance because the access token is missing. : []
2026-04-12T04:31:21+00:00 ERROR Error persisting Meta logs: Cannot create the API instance because the access token is missing. : []
2026-04-12T04:37:01+00:00 ERROR Error persisting Meta logs: Cannot create the API instance because the access token is missing. : []
2026-04-12T04:37:01+00:00 ERROR Error persisting Meta logs: Cannot create the API instance because the access token is missing. : []
2026-04-12T04:42:23+00:00 ERROR Error persisting Meta logs: Cannot create the API instance because the access token is missing. : []
2026-04-12T04:42:23+00:00 ERROR Error persisting Meta logs: Cannot create the API instance because the access token is missing. : []
2026-04-12T04:52:01+00:00 ERROR Error persisting Meta logs: Cannot create the API instance because the access token is missing. : []
2026-04-12T04:52:01+00:00 ERROR Error persisting Meta logs: Cannot create the API instance because the access token is missing. : []
2026-04-12T04:52:44+00:00 ERROR Error persisting Meta logs: Cannot create the API instance because the access token is missing. : []
2026-04-12T04:52:44+00:00 ERROR Error persisting Meta logs: Cannot create the API instance because the access token is missing. : []
2026-04-12T05:02:37+00:00 ERROR Error persisting Meta logs: Cannot create the API instance because the access token is missing. : []
2026-04-12T05:02:37+00:00 ERROR Error persisting Meta logs: Cannot create the API instance because the access token is missing. : []
2026-04-12T05:03:52+00:00 ERROR Error persisting Meta logs: Cannot create the API instance because the access token is missing. : []
2026-04-12T05:03:52+00:00 ERROR Error persisting Meta logs: Cannot create the API instance because the access token is missing. : []
2026-04-12T05:05:17+00:00 WARNING Product feed scheduling failed: Integration not configured. : {"flow_name":"product_feed","flow_step":"schedule_feed_generation"}
2026-04-12T05:05:17+00:00 WARNING Language override feed scheduling failed: Integration not configured. : {"flow_name":"language_override_feed","flow_step":"schedule_feed_generation"}
2026-04-12T05:07:29+00:00 ERROR Error persisting Meta logs: Cannot create the API instance because the access token is missing. : []
2026-04-12T05:07:29+00:00 ERROR Error persisting Meta logs: Cannot create the API instance because the access token is missing. : []
2026-04-12T05:13:26+00:00 ERROR Error persisting Meta logs: Cannot create the API instance because the access token is missing. : []
2026-04-12T05:13:26+00:00 ERROR Error persisting Meta logs: Cannot create the API instance because the access token is missing. : []
2026-04-12T05:17:34+00:00 ERROR Error persisting Meta logs: Cannot create the API instance because the access token is missing. : []
2026-04-12T05:17:34+00:00 ERROR Error persisting Meta logs: Cannot create the API instance because the access token is missing. : []
2026-04-12T05:21:29+00:00 ERROR Error persisting Meta logs: Cannot create the API instance because the access token is missing. : []
2026-04-12T05:21:29+00:00 ERROR Error persisting Meta logs: Cannot create the API instance because the access token is missing. : []
2026-04-12T05:29:42+00:00 ERROR Error persisting Meta logs: Cannot create the API instance because the access token is missing. : []
2026-04-12T05:29:42+00:00 ERROR Error persisting Meta logs: Cannot create the API instance because the access token is missing. : []
2026-04-12T05:33:58+00:00 ERROR Error persisting Meta logs: Cannot create the API instance because the access token is missing. : []
2026-04-12T05:33:58+00:00 ERROR Error persisting Meta logs: Cannot create the API instance because the access token is missing. : []
2026-04-12T05:36:19+00:00 ERROR Error persisting Meta logs: Cannot create the API instance because the access token is missing. : []
2026-04-12T05:36:19+00:00 ERROR Error persisting Meta logs: Cannot create the API instance because the access token is missing. : []
2026-04-12T05:42:02+00:00 ERROR Error persisting Meta logs: Cannot create the API instance because the access token is missing. : []
2026-04-12T05:42:02+00:00 ERROR Error persisting Meta logs: Cannot create the API instance because the access token is missing. : []
2026-04-12T05:46:26+00:00 ERROR Error persisting Meta logs: Cannot create the API instance because the access token is missing. : []
2026-04-12T05:46:26+00:00 ERROR Error persisting Meta logs: Cannot create the API instance because the access token is missing. : []
2026-04-12T05:54:20+00:00 ERROR Error persisting Meta logs: Cannot create the API instance because the access token is missing. : []
2026-04-12T05:54:20+00:00 ERROR Error persisting Meta logs: Cannot create the API instance because the access token is missing. : []
2026-04-12T06:00:27+00:00 ERROR Error persisting Meta logs: Cannot create the API instance because the access token is missing. : []
2026-04-12T06:00:27+00:00 ERROR Error persisting Meta logs: Cannot create the API instance because the access token is missing. : []
2026-04-12T06:04:04+00:00 ERROR Error persisting Meta logs: Cannot create the API instance because the access token is missing. : []
2026-04-12T06:04:04+00:00 ERROR Error persisting Meta logs: Cannot create the API instance because the access token is missing. : []
2026-04-12T06:05:51+00:00 WARNING Product feed scheduling failed: Integration not configured. : {"flow_name":"product_feed","flow_step":"schedule_feed_generation"}
2026-04-12T06:05:51+00:00 WARNING Language override feed scheduling failed: Integration not configured. : {"flow_name":"language_override_feed","flow_step":"schedule_feed_generation"}
2026-04-12T06:05:51+00:00 ERROR Error persisting error logs: Cannot create the API instance because the access token is missing. : []
2026-04-12T06:06:23+00:00 ERROR Error persisting Meta logs: Cannot create the API instance because the access token is missing. : []
2026-04-12T06:06:23+00:00 ERROR Error persisting Meta logs: Cannot create the API instance because the access token is missing. : []
2026-04-12T06:12:18+00:00 ERROR Error persisting Meta logs: Cannot create the API instance because the access token is missing. : []
2026-04-12T06:12:18+00:00 ERROR Error persisting Meta logs: Cannot create the API instance because the access token is missing. : []
2026-04-12T06:18:33+00:00 ERROR Error persisting Meta logs: Cannot create the API instance because the access token is missing. : []
2026-04-12T06:18:33+00:00 ERROR Error persisting Meta logs: Cannot create the API instance because the access token is missing. : []
2026-04-12T06:21:35+00:00 ERROR Error persisting Meta logs: Cannot create the API instance because the access token is missing. : []
2026-04-12T06:21:35+00:00 ERROR Error persisting Meta logs: Cannot create the API instance because the access token is missing. : []
2026-04-12T06:27:18+00:00 ERROR Error persisting Meta logs: Cannot create the API instance because the access token is missing. : []
2026-04-12T06:27:18+00:00 ERROR Error persisting Meta logs: Cannot create the API instance because the access token is missing. : []
2026-04-12T06:32:05+00:00 ERROR Error persisting Meta logs: Cannot create the API instance because the access token is missing. : []
2026-04-12T06:32:05+00:00 ERROR Error persisting Meta logs: Cannot create the API instance because the access token is missing. : []
2026-04-12T06:38:36+00:00 ERROR Error persisting Meta logs: Cannot create the API instance because the access token is missing. : []
2026-04-12T06:38:36+00:00 ERROR Error persisting Meta logs: Cannot create the API instance because the access token is missing. : []
2026-04-12T06:44:22+00:00 ERROR Error persisting Meta logs: Cannot create the API instance because the access token is missing. : []
2026-04-12T06:44:22+00:00 ERROR Error persisting Meta logs: Cannot create the API instance because the access token is missing. : []
2026-04-12T06:50:06+00:00 ERROR Error persisting Meta logs: Cannot create the API instance because the access token is missing. : []
2026-04-12T06:50:06+00:00 ERROR Error persisting Meta logs: Cannot create the API instance because the access token is missing. : []
2026-04-12T06:54:01+00:00 ERROR Error persisting Meta logs: Cannot create the API instance because the access token is missing. : []
2026-04-12T06:54:01+00:00 ERROR Error persisting Meta logs: Cannot create the API instance because the access token is missing. : []
2026-04-12T06:56:45+00:00 ERROR Error persisting Meta logs: Cannot create the API instance because the access token is missing. : []
2026-04-12T06:56:45+00:00 ERROR Error persisting Meta logs: Cannot create the API instance because the access token is missing. : []
2026-04-12T07:02:19+00:00 ERROR Error persisting Meta logs: Cannot create the API instance because the access token is missing. : []
2026-04-12T07:02:19+00:00 ERROR Error persisting Meta logs: Cannot create the API instance because the access token is missing. : []
2026-04-12T07:07:16+00:00 WARNING Product feed scheduling failed: Integration not configured. : {"flow_name":"product_feed","flow_step":"schedule_feed_generation"}
2026-04-12T07:07:16+00:00 WARNING Language override feed scheduling failed: Integration not configured. : {"flow_name":"language_override_feed","flow_step":"schedule_feed_generation"}
2026-04-12T07:08:43+00:00 ERROR Error persisting Meta logs: Cannot create the API instance because the access token is missing. : []
2026-04-12T07:08:43+00:00 ERROR Error persisting Meta logs: Cannot create the API instance because the access token is missing. : []
2026-04-12T07:15:27+00:00 ERROR Error persisting Meta logs: Cannot create the API instance because the access token is missing. : []
2026-04-12T07:15:27+00:00 ERROR Error persisting Meta logs: Cannot create the API instance because the access token is missing. : []
2026-04-12T07:16:31+00:00 ERROR Error persisting Meta logs: Cannot create the API instance because the access token is missing. : []
2026-04-12T07:16:31+00:00 ERROR Error persisting Meta logs: Cannot create the API instance because the access token is missing. : []
2026-04-12T07:24:45+00:00 ERROR Error persisting Meta logs: Cannot create the API instance because the access token is missing. : []
2026-04-12T07:24:45+00:00 ERROR Error persisting Meta logs: Cannot create the API instance because the access token is missing. : []
2026-04-12T07:29:05+00:00 ERROR Error persisting Meta logs: Cannot create the API instance because the access token is missing. : []
2026-04-12T07:29:05+00:00 ERROR Error persisting Meta logs: Cannot create the API instance because the access token is missing. : []
2026-04-12T07:35:09+00:00 ERROR Error persisting Meta logs: Cannot create the API instance because the access token is missing. : []
2026-04-12T07:35:09+00:00 ERROR Error persisting Meta logs: Cannot create the API instance because the access token is missing. : []
2026-04-12T07:36:40+00:00 ERROR Error persisting Meta logs: Cannot create the API instance because the access token is missing. : []
2026-04-12T07:36:40+00:00 ERROR Error persisting Meta logs: Cannot create the API instance because the access token is missing. : []
2026-04-12T07:43:38+00:00 ERROR Error persisting Meta logs: Cannot create the API instance because the access token is missing. : []
2026-04-12T07:43:38+00:00 ERROR Error persisting Meta logs: Cannot create the API instance because the access token is missing. : []
2026-04-12T07:47:01+00:00 ERROR Error persisting Meta logs: Cannot create the API instance because the access token is missing. : []
2026-04-12T07:47:01+00:00 ERROR Error persisting Meta logs: Cannot create the API instance because the access token is missing. : []
2026-04-12T07:51:19+00:00 ERROR Error persisting Meta logs: Cannot create the API instance because the access token is missing. : []
2026-04-12T07:51:19+00:00 ERROR Error persisting Meta logs: Cannot create the API instance because the access token is missing. : []
2026-04-12T07:56:26+00:00 ERROR Error persisting Meta logs: Cannot create the API instance because the access token is missing. : []
2026-04-12T07:56:26+00:00 ERROR Error persisting Meta logs: Cannot create the API instance because the access token is missing. : []
2026-04-12T08:01:24+00:00 ERROR Error persisting Meta logs: Cannot create the API instance because the access token is missing. : []
2026-04-12T08:01:24+00:00 ERROR Error persisting Meta logs: Cannot create the API instance because the access token is missing. : []
2026-04-12T08:06:23+00:00 ERROR Error persisting Meta logs: Cannot create the API instance because the access token is missing. : []
2026-04-12T08:06:23+00:00 ERROR Error persisting Meta logs: Cannot create the API instance because the access token is missing. : []
2026-04-12T08:13:03+00:00 ERROR Error persisting Meta logs: Cannot create the API instance because the access token is missing. : []
2026-04-12T08:13:03+00:00 ERROR Error persisting Meta logs: Cannot create the API instance because the access token is missing. : []
2026-04-12T08:17:37+00:00 ERROR Error persisting Meta logs: Cannot create the API instance because the access token is missing. : []
2026-04-12T08:17:37+00:00 ERROR Error persisting Meta logs: Cannot create the API instance because the access token is missing. : []
2026-04-12T08:21:56+00:00 ERROR Error persisting Meta logs: Cannot create the API instance because the access token is missing. : []
2026-04-12T08:21:56+00:00 ERROR Error persisting Meta logs: Cannot create the API instance because the access token is missing. : []
2026-04-12T08:28:47+00:00 ERROR Error persisting Meta logs: Cannot create the API instance because the access token is missing. : []
2026-04-12T08:28:47+00:00 ERROR Error persisting Meta logs: Cannot create the API instance because the access token is missing. : []
2026-04-12T08:32:31+00:00 ERROR Error persisting Meta logs: Cannot create the API instance because the access token is missing. : []
2026-04-12T08:32:31+00:00 ERROR Error persisting Meta logs: Cannot create the API instance because the access token is missing. : []
2026-04-12T08:37:46+00:00 ERROR Error persisting Meta logs: Cannot create the API instance because the access token is missing. : []
2026-04-12T08:37:46+00:00 ERROR Error persisting Meta logs: Cannot create the API instance because the access token is missing. : []
2026-04-12T08:42:19+00:00 ERROR Error persisting Meta logs: Cannot create the API instance because the access token is missing. : []
2026-04-12T08:42:19+00:00 ERROR Error persisting Meta logs: Cannot create the API instance because the access token is missing. : []
2026-04-12T08:50:31+00:00 ERROR Error persisting Meta logs: Cannot create the API instance because the access token is missing. : []
2026-04-12T08:50:31+00:00 ERROR Error persisting Meta logs: Cannot create the API instance because the access token is missing. : []
2026-04-12T08:54:47+00:00 ERROR Error persisting Meta logs: Cannot create the API instance because the access token is missing. : []
2026-04-12T08:54:47+00:00 ERROR Error persisting Meta logs: Cannot create the API instance because the access token is missing. : []
2026-04-12T09:00:42+00:00 ERROR Error persisting Meta logs: Cannot create the API instance because the access token is missing. : []
2026-04-12T09:00:42+00:00 ERROR Error persisting Meta logs: Cannot create the API instance because the access token is missing. : []
2026-04-12T09:01:44+00:00 ERROR Error persisting Meta logs: Cannot create the API instance because the access token is missing. : []
2026-04-12T09:01:44+00:00 ERROR Error persisting Meta logs: Cannot create the API instance because the access token is missing. : []
2026-04-12T09:05:02+00:00 WARNING Product feed scheduling failed: Integration not configured. : {"flow_name":"product_feed","flow_step":"schedule_feed_generation"}
2026-04-12T09:05:02+00:00 WARNING Language override feed scheduling failed: Integration not configured. : {"flow_name":"language_override_feed","flow_step":"schedule_feed_generation"}
2026-04-12T09:06:19+00:00 ERROR Error persisting Meta logs: Cannot create the API instance because the access token is missing. : []
2026-04-12T09:06:19+00:00 ERROR Error persisting Meta logs: Cannot create the API instance because the access token is missing. : []
2026-04-12T09:06:19+00:00 ERROR Error persisting Meta logs: Cannot create the API instance because the access token is missing. : []
2026-04-12T09:14:04+00:00 ERROR Error persisting Meta logs: Cannot create the API instance because the access token is missing. : []
2026-04-12T09:14:04+00:00 ERROR Error persisting Meta logs: Cannot create the API instance because the access token is missing. : []
2026-04-12T09:14:04+00:00 ERROR Error persisting Meta logs: Cannot create the API instance because the access token is missing. : []
2026-04-12T09:16:38+00:00 ERROR Error persisting Meta logs: Cannot create the API instance because the access token is missing. : []
2026-04-12T09:16:38+00:00 ERROR Error persisting Meta logs: Cannot create the API instance because the access token is missing. : []
2026-04-12T09:16:38+00:00 ERROR Error persisting Meta logs: Cannot create the API instance because the access token is missing. : []
2026-04-12T09:21:21+00:00 ERROR Error persisting Meta logs: Cannot create the API instance because the access token is missing. : []
2026-04-12T09:21:21+00:00 ERROR Error persisting Meta logs: Cannot create the API instance because the access token is missing. : []
2026-04-12T09:21:21+00:00 ERROR Error persisting Meta logs: Cannot create the API instance because the access token is missing. : []
2026-04-12T09:26:30+00:00 ERROR Error persisting Meta logs: Cannot create the API instance because the access token is missing. : []
2026-04-12T09:26:30+00:00 ERROR Error persisting Meta logs: Cannot create the API instance because the access token is missing. : []
2026-04-12T09:26:30+00:00 ERROR Error persisting Meta logs: Cannot create the API instance because the access token is missing. : []
2026-04-12T09:31:30+00:00 ERROR Error persisting Meta logs: Cannot create the API instance because the access token is missing. : []
2026-04-12T09:31:30+00:00 ERROR Error persisting Meta logs: Cannot create the API instance because the access token is missing. : []
2026-04-12T09:31:30+00:00 ERROR Error persisting Meta logs: Cannot create the API instance because the access token is missing. : []
2026-04-12T09:36:20+00:00 ERROR Error persisting Meta logs: Cannot create the API instance because the access token is missing. : []
2026-04-12T09:36:20+00:00 ERROR Error persisting Meta logs: Cannot create the API instance because the access token is missing. : []
2026-04-12T09:36:20+00:00 ERROR Error persisting Meta logs: Cannot create the API instance because the access token is missing. : []
2026-04-12T09:42:53+00:00 ERROR Error persisting Meta logs: Cannot create the API instance because the access token is missing. : []
2026-04-12T09:42:53+00:00 ERROR Error persisting Meta logs: Cannot create the API instance because the access token is missing. : []
2026-04-12T09:42:53+00:00 ERROR Error persisting Meta logs: Cannot create the API instance because the access token is missing. : []
2026-04-12T09:47:44+00:00 ERROR Error persisting Meta logs: Cannot create the API instance because the access token is missing. : []
2026-04-12T09:47:44+00:00 ERROR Error persisting Meta logs: Cannot create the API instance because the access token is missing. : []
2026-04-12T09:47:44+00:00 ERROR Error persisting Meta logs: Cannot create the API instance because the access token is missing. : []
2026-04-12T09:52:31+00:00 ERROR Error persisting Meta logs: Cannot create the API instance because the access token is missing. : []
2026-04-12T09:52:31+00:00 ERROR Error persisting Meta logs: Cannot create the API instance because the access token is missing. : []
2026-04-12T09:52:31+00:00 ERROR Error persisting Meta logs: Cannot create the API instance because the access token is missing. : []
2026-04-12T09:56:56+00:00 ERROR Error persisting Meta logs: Cannot create the API instance because the access token is missing. : []
2026-04-12T09:56:56+00:00 ERROR Error persisting Meta logs: Cannot create the API instance because the access token is missing. : []
2026-04-12T09:56:56+00:00 ERROR Error persisting Meta logs: Cannot create the API instance because the access token is missing. : []
2026-04-12T10:03:44+00:00 ERROR Error persisting Meta logs: Cannot create the API instance because the access token is missing. : []
2026-04-12T10:03:44+00:00 ERROR Error persisting Meta logs: Cannot create the API instance because the access token is missing. : []
2026-04-12T10:03:44+00:00 ERROR Error persisting Meta logs: Cannot create the API instance because the access token is missing. : []
2026-04-12T10:04:59+00:00 ERROR Error persisting error logs: Cannot create the API instance because the access token is missing. : []
2026-04-12T10:09:12+00:00 ERROR Error persisting Meta logs: Cannot create the API instance because the access token is missing. : []
2026-04-12T10:09:12+00:00 ERROR Error persisting Meta logs: Cannot create the API instance because the access token is missing. : []
2026-04-12T10:09:12+00:00 ERROR Error persisting Meta logs: Cannot create the API instance because the access token is missing. : []
2026-04-12T10:14:11+00:00 ERROR Error persisting Meta logs: Cannot create the API instance because the access token is missing. : []
2026-04-12T10:14:11+00:00 ERROR Error persisting Meta logs: Cannot create the API instance because the access token is missing. : []
2026-04-12T10:14:11+00:00 ERROR Error persisting Meta logs: Cannot create the API instance because the access token is missing. : []
2026-04-12T10:17:19+00:00 ERROR Error persisting Meta logs: Cannot create the API instance because the access token is missing. : []
2026-04-12T10:17:19+00:00 ERROR Error persisting Meta logs: Cannot create the API instance because the access token is missing. : []
2026-04-12T10:17:19+00:00 ERROR Error persisting Meta logs: Cannot create the API instance because the access token is missing. : []
2026-04-12T10:25:02+00:00 ERROR Error persisting Meta logs: Cannot create the API instance because the access token is missing. : []
2026-04-12T10:25:02+00:00 ERROR Error persisting Meta logs: Cannot create the API instance because the access token is missing. : []
2026-04-12T10:25:02+00:00 ERROR Error persisting Meta logs: Cannot create the API instance because the access token is missing. : []
2026-04-12T10:27:36+00:00 ERROR Error persisting Meta logs: Cannot create the API instance because the access token is missing. : []
2026-04-12T10:27:36+00:00 ERROR Error persisting Meta logs: Cannot create the API instance because the access token is missing. : []
2026-04-12T10:27:36+00:00 ERROR Error persisting Meta logs: Cannot create the API instance because the access token is missing. : []
2026-04-12T10:35:56+00:00 ERROR Error persisting Meta logs: Cannot create the API instance because the access token is missing. : []
2026-04-12T10:35:56+00:00 ERROR Error persisting Meta logs: Cannot create the API instance because the access token is missing. : []
2026-04-12T10:35:56+00:00 ERROR Error persisting Meta logs: Cannot create the API instance because the access token is missing. : []
2026-04-12T10:38:57+00:00 ERROR Error persisting Meta logs: Cannot create the API instance because the access token is missing. : []
2026-04-12T10:38:57+00:00 ERROR Error persisting Meta logs: Cannot create the API instance because the access token is missing. : []
2026-04-12T10:38:57+00:00 ERROR Error persisting Meta logs: Cannot create the API instance because the access token is missing. : []
2026-04-12T10:42:40+00:00 ERROR Error persisting Meta logs: Cannot create the API instance because the access token is missing. : []
2026-04-12T10:42:40+00:00 ERROR Error persisting Meta logs: Cannot create the API instance because the access token is missing. : []
2026-04-12T10:42:40+00:00 ERROR Error persisting Meta logs: Cannot create the API instance because the access token is missing. : []
2026-04-12T10:48:28+00:00 ERROR Error persisting Meta logs: Cannot create the API instance because the access token is missing. : []
2026-04-12T10:48:28+00:00 ERROR Error persisting Meta logs: Cannot create the API instance because the access token is missing. : []
2026-04-12T10:48:28+00:00 ERROR Error persisting Meta logs: Cannot create the API instance because the access token is missing. : []
2026-04-12T10:52:36+00:00 ERROR Error persisting Meta logs: Cannot create the API instance because the access token is missing. : []
2026-04-12T10:52:36+00:00 ERROR Error persisting Meta logs: Cannot create the API instance because the access token is missing. : []
2026-04-12T10:52:36+00:00 ERROR Error persisting Meta logs: Cannot create the API instance because the access token is missing. : []
2026-04-12T10:57:42+00:00 ERROR Error persisting Meta logs: Cannot create the API instance because the access token is missing. : []
2026-04-12T10:57:42+00:00 ERROR Error persisting Meta logs: Cannot create the API instance because the access token is missing. : []
2026-04-12T10:57:42+00:00 ERROR Error persisting Meta logs: Cannot create the API instance because the access token is missing. : []
2026-04-12T11:03:33+00:00 ERROR Error persisting Meta logs: Cannot create the API instance because the access token is missing. : []
2026-04-12T11:03:33+00:00 ERROR Error persisting Meta logs: Cannot create the API instance because the access token is missing. : []
2026-04-12T11:03:33+00:00 ERROR Error persisting Meta logs: Cannot create the API instance because the access token is missing. : []
2026-04-12T11:04:54+00:00 WARNING Product feed scheduling failed: Integration not configured. : {"flow_name":"product_feed","flow_step":"schedule_feed_generation"}
2026-04-12T11:04:54+00:00 WARNING Language override feed scheduling failed: Integration not configured. : {"flow_name":"language_override_feed","flow_step":"schedule_feed_generation"}
2026-04-12T11:06:48+00:00 ERROR Error persisting Meta logs: Cannot create the API instance because the access token is missing. : []
2026-04-12T11:06:48+00:00 ERROR Error persisting Meta logs: Cannot create the API instance because the access token is missing. : []
2026-04-12T11:06:48+00:00 ERROR Error persisting Meta logs: Cannot create the API instance because the access token is missing. : []
2026-04-12T11:13:43+00:00 ERROR Error persisting Meta logs: Cannot create the API instance because the access token is missing. : []
2026-04-12T11:13:43+00:00 ERROR Error persisting Meta logs: Cannot create the API instance because the access token is missing. : []
2026-04-12T11:13:43+00:00 ERROR Error persisting Meta logs: Cannot create the API instance because the access token is missing. : []
2026-04-12T11:16:36+00:00 ERROR Error persisting Meta logs: Cannot create the API instance because the access token is missing. : []
2026-04-12T11:16:36+00:00 ERROR Error persisting Meta logs: Cannot create the API instance because the access token is missing. : []
2026-04-12T11:16:36+00:00 ERROR Error persisting Meta logs: Cannot create the API instance because the access token is missing. : []
2026-04-12T11:21:51+00:00 ERROR Error persisting Meta logs: Cannot create the API instance because the access token is missing. : []
2026-04-12T11:21:51+00:00 ERROR Error persisting Meta logs: Cannot create the API instance because the access token is missing. : []
2026-04-12T11:21:51+00:00 ERROR Error persisting Meta logs: Cannot create the API instance because the access token is missing. : []
2026-04-12T11:26:23+00:00 ERROR Error persisting Meta logs: Cannot create the API instance because the access token is missing. : []
2026-04-12T11:26:23+00:00 ERROR Error persisting Meta logs: Cannot create the API instance because the access token is missing. : []
2026-04-12T11:26:23+00:00 ERROR Error persisting Meta logs: Cannot create the API instance because the access token is missing. : []
2026-04-12T11:32:44+00:00 ERROR Error persisting Meta logs: Cannot create the API instance because the access token is missing. : []
2026-04-12T11:32:44+00:00 ERROR Error persisting Meta logs: Cannot create the API instance because the access token is missing. : []
2026-04-12T11:32:44+00:00 ERROR Error persisting Meta logs: Cannot create the API instance because the access token is missing. : []
2026-04-12T11:39:10+00:00 ERROR Error persisting Meta logs: Cannot create the API instance because the access token is missing. : []
2026-04-12T11:39:10+00:00 ERROR Error persisting Meta logs: Cannot create the API instance because the access token is missing. : []
2026-04-12T11:39:10+00:00 ERROR Error persisting Meta logs: Cannot create the API instance because the access token is missing. : []
2026-04-12T11:41:46+00:00 ERROR Error persisting Meta logs: Cannot create the API instance because the access token is missing. : []
2026-04-12T11:41:46+00:00 ERROR Error persisting Meta logs: Cannot create the API instance because the access token is missing. : []
2026-04-12T11:41:46+00:00 ERROR Error persisting Meta logs: Cannot create the API instance because the access token is missing. : []
2026-04-12T11:49:38+00:00 ERROR Error persisting Meta logs: Cannot create the API instance because the access token is missing. : []
2026-04-12T11:49:38+00:00 ERROR Error persisting Meta logs: Cannot create the API instance because the access token is missing. : []
2026-04-12T11:49:38+00:00 ERROR Error persisting Meta logs: Cannot create the API instance because the access token is missing. : []
2026-04-12T11:53:26+00:00 ERROR Error persisting Meta logs: Cannot create the API instance because the access token is missing. : []
2026-04-12T11:53:26+00:00 ERROR Error persisting Meta logs: Cannot create the API instance because the access token is missing. : []
2026-04-12T11:53:26+00:00 ERROR Error persisting Meta logs: Cannot create the API instance because the access token is missing. : []
2026-04-12T11:59:07+00:00 ERROR Error persisting Meta logs: Cannot create the API instance because the access token is missing. : []
2026-04-12T11:59:07+00:00 ERROR Error persisting Meta logs: Cannot create the API instance because the access token is missing. : []
2026-04-12T11:59:07+00:00 ERROR Error persisting Meta logs: Cannot create the API instance because the access token is missing. : []
2026-04-12T12:05:06+00:00 ERROR Error persisting Meta logs: Cannot create the API instance because the access token is missing. : []
2026-04-12T12:05:06+00:00 ERROR Error persisting Meta logs: Cannot create the API instance because the access token is missing. : []
2026-04-12T12:05:06+00:00 ERROR Error persisting Meta logs: Cannot create the API instance because the access token is missing. : []
2026-04-12T12:05:06+00:00 WARNING Product feed scheduling failed: Integration not configured. : {"flow_name":"product_feed","flow_step":"schedule_feed_generation"}
2026-04-12T12:05:06+00:00 WARNING Language override feed scheduling failed: Integration not configured. : {"flow_name":"language_override_feed","flow_step":"schedule_feed_generation"}
2026-04-12T12:06:27+00:00 ERROR Error persisting Meta logs: Cannot create the API instance because the access token is missing. : []
2026-04-12T12:06:27+00:00 ERROR Error persisting Meta logs: Cannot create the API instance because the access token is missing. : []
2026-04-12T12:06:27+00:00 ERROR Error persisting Meta logs: Cannot create the API instance because the access token is missing. : []
2026-04-12T12:11:56+00:00 ERROR Error persisting Meta logs: Cannot create the API instance because the access token is missing. : []
2026-04-12T12:11:56+00:00 ERROR Error persisting Meta logs: Cannot create the API instance because the access token is missing. : []
2026-04-12T12:11:56+00:00 ERROR Error persisting Meta logs: Cannot create the API instance because the access token is missing. : []
2026-04-12T12:17:51+00:00 ERROR Error persisting Meta logs: Cannot create the API instance because the access token is missing. : []
2026-04-12T12:17:51+00:00 ERROR Error persisting Meta logs: Cannot create the API instance because the access token is missing. : []
2026-04-12T12:17:51+00:00 ERROR Error persisting Meta logs: Cannot create the API instance because the access token is missing. : []
2026-04-12T12:22:17+00:00 ERROR Error persisting Meta logs: Cannot create the API instance because the access token is missing. : []
2026-04-12T12:22:17+00:00 ERROR Error persisting Meta logs: Cannot create the API instance because the access token is missing. : []
2026-04-12T12:22:17+00:00 ERROR Error persisting Meta logs: Cannot create the API instance because the access token is missing. : []
2026-04-12T12:28:06+00:00 ERROR Error persisting Meta logs: Cannot create the API instance because the access token is missing. : []
2026-04-12T12:28:06+00:00 ERROR Error persisting Meta logs: Cannot create the API instance because the access token is missing. : []
2026-04-12T12:28:06+00:00 ERROR Error persisting Meta logs: Cannot create the API instance because the access token is missing. : []
2026-04-12T12:35:47+00:00 ERROR Error persisting Meta logs: Cannot create the API instance because the access token is missing. : []
2026-04-12T12:35:47+00:00 ERROR Error persisting Meta logs: Cannot create the API instance because the access token is missing. : []
2026-04-12T12:35:47+00:00 ERROR Error persisting Meta logs: Cannot create the API instance because the access token is missing. : []
2026-04-12T12:38:06+00:00 ERROR Error persisting Meta logs: Cannot create the API instance because the access token is missing. : []
2026-04-12T12:38:06+00:00 ERROR Error persisting Meta logs: Cannot create the API instance because the access token is missing. : []
2026-04-12T12:38:06+00:00 ERROR Error persisting Meta logs: Cannot create the API instance because the access token is missing. : []
2026-04-12T12:43:28+00:00 ERROR Error persisting Meta logs: Cannot create the API instance because the access token is missing. : []
2026-04-12T12:43:28+00:00 ERROR Error persisting Meta logs: Cannot create the API instance because the access token is missing. : []
2026-04-12T12:43:28+00:00 ERROR Error persisting Meta logs: Cannot create the API instance because the access token is missing. : []
2026-04-12T12:51:13+00:00 ERROR Error persisting Meta logs: Cannot create the API instance because the access token is missing. : []
2026-04-12T12:51:13+00:00 ERROR Error persisting Meta logs: Cannot create the API instance because the access token is missing. : []
2026-04-12T12:51:13+00:00 ERROR Error persisting Meta logs: Cannot create the API instance because the access token is missing. : []
2026-04-12T12:52:30+00:00 ERROR Error persisting Meta logs: Cannot create the API instance because the access token is missing. : []
2026-04-12T12:52:30+00:00 ERROR Error persisting Meta logs: Cannot create the API instance because the access token is missing. : []
2026-04-12T12:52:30+00:00 ERROR Error persisting Meta logs: Cannot create the API instance because the access token is missing. : []
2026-04-12T12:58:57+00:00 ERROR Error persisting Meta logs: Cannot create the API instance because the access token is missing. : []
2026-04-12T12:58:57+00:00 ERROR Error persisting Meta logs: Cannot create the API instance because the access token is missing. : []
2026-04-12T12:58:57+00:00 ERROR Error persisting Meta logs: Cannot create the API instance because the access token is missing. : []
2026-04-12T13:01:22+00:00 ERROR Error persisting Meta logs: Cannot create the API instance because the access token is missing. : []
2026-04-12T13:01:22+00:00 ERROR Error persisting Meta logs: Cannot create the API instance because the access token is missing. : []
2026-04-12T13:01:22+00:00 ERROR Error persisting Meta logs: Cannot create the API instance because the access token is missing. : []
2026-04-12T13:06:39+00:00 WARNING Product feed scheduling failed: Integration not configured. : {"flow_name":"product_feed","flow_step":"schedule_feed_generation"}
2026-04-12T13:06:39+00:00 WARNING Language override feed scheduling failed: Integration not configured. : {"flow_name":"language_override_feed","flow_step":"schedule_feed_generation"}
2026-04-12T13:06:39+00:00 ERROR Error persisting error logs: Cannot create the API instance because the access token is missing. : []
2026-04-12T13:06:39+00:00 ERROR Error persisting Meta logs: Cannot create the API instance because the access token is missing. : []
2026-04-12T13:06:39+00:00 ERROR Error persisting Meta logs: Cannot create the API instance because the access token is missing. : []
2026-04-12T13:06:39+00:00 ERROR Error persisting Meta logs: Cannot create the API instance because the access token is missing. : []
2026-04-12T13:12:36+00:00 ERROR Error persisting Meta logs: Cannot create the API instance because the access token is missing. : []
2026-04-12T13:12:36+00:00 ERROR Error persisting Meta logs: Cannot create the API instance because the access token is missing. : []
2026-04-12T13:12:36+00:00 ERROR Error persisting Meta logs: Cannot create the API instance because the access token is missing. : []
2026-04-12T13:19:13+00:00 ERROR Error persisting Meta logs: Cannot create the API instance because the access token is missing. : []
2026-04-12T13:19:13+00:00 ERROR Error persisting Meta logs: Cannot create the API instance because the access token is missing. : []
2026-04-12T13:19:13+00:00 ERROR Error persisting Meta logs: Cannot create the API instance because the access token is missing. : []
2026-04-12T13:22:05+00:00 ERROR Error persisting Meta logs: Cannot create the API instance because the access token is missing. : []
2026-04-12T13:22:05+00:00 ERROR Error persisting Meta logs: Cannot create the API instance because the access token is missing. : []
2026-04-12T13:22:05+00:00 ERROR Error persisting Meta logs: Cannot create the API instance because the access token is missing. : []
2026-04-12T13:26:56+00:00 ERROR Error persisting Meta logs: Cannot create the API instance because the access token is missing. : []
2026-04-12T13:26:56+00:00 ERROR Error persisting Meta logs: Cannot create the API instance because the access token is missing. : []
2026-04-12T13:26:56+00:00 ERROR Error persisting Meta logs: Cannot create the API instance because the access token is missing. : []
2026-04-12T13:32:46+00:00 ERROR Error persisting Meta logs: Cannot create the API instance because the access token is missing. : []
2026-04-12T13:32:46+00:00 ERROR Error persisting Meta logs: Cannot create the API instance because the access token is missing. : []
2026-04-12T13:32:46+00:00 ERROR Error persisting Meta logs: Cannot create the API instance because the access token is missing. : []
2026-04-12T13:37:10+00:00 ERROR Error persisting Meta logs: Cannot create the API instance because the access token is missing. : []
2026-04-12T13:37:10+00:00 ERROR Error persisting Meta logs: Cannot create the API instance because the access token is missing. : []
2026-04-12T13:37:10+00:00 ERROR Error persisting Meta logs: Cannot create the API instance because the access token is missing. : []
2026-04-12T13:44:49+00:00 ERROR Error persisting Meta logs: Cannot create the API instance because the access token is missing. : []
2026-04-12T13:44:49+00:00 ERROR Error persisting Meta logs: Cannot create the API instance because the access token is missing. : []
2026-04-12T13:44:49+00:00 ERROR Error persisting Meta logs: Cannot create the API instance because the access token is missing. : []
2026-04-12T13:48:50+00:00 ERROR Error persisting Meta logs: Cannot create the API instance because the access token is missing. : []
2026-04-12T13:48:50+00:00 ERROR Error persisting Meta logs: Cannot create the API instance because the access token is missing. : []
2026-04-12T13:48:50+00:00 ERROR Error persisting Meta logs: Cannot create the API instance because the access token is missing. : []
2026-04-12T13:52:04+00:00 ERROR Error persisting Meta logs: Cannot create the API instance because the access token is missing. : []
2026-04-12T13:52:04+00:00 ERROR Error persisting Meta logs: Cannot create the API instance because the access token is missing. : []
2026-04-12T13:52:04+00:00 ERROR Error persisting Meta logs: Cannot create the API instance because the access token is missing. : []
2026-04-12T13:57:10+00:00 ERROR Error persisting Meta logs: Cannot create the API instance because the access token is missing. : []
2026-04-12T13:57:10+00:00 ERROR Error persisting Meta logs: Cannot create the API instance because the access token is missing. : []
2026-04-12T13:57:10+00:00 ERROR Error persisting Meta logs: Cannot create the API instance because the access token is missing. : []
2026-04-12T14:05:56+00:00 ERROR Error persisting Meta logs: Cannot create the API instance because the access token is missing. : []
2026-04-12T14:05:56+00:00 ERROR Error persisting Meta logs: Cannot create the API instance because the access token is missing. : []
2026-04-12T14:05:56+00:00 ERROR Error persisting Meta logs: Cannot create the API instance because the access token is missing. : []
2026-04-12T14:06:19+00:00 ERROR Error persisting Meta logs: Cannot create the API instance because the access token is missing. : []
2026-04-12T14:06:19+00:00 ERROR Error persisting Meta logs: Cannot create the API instance because the access token is missing. : []
2026-04-12T14:06:19+00:00 ERROR Error persisting Meta logs: Cannot create the API instance because the access token is missing. : []
2026-04-12T14:12:51+00:00 ERROR Error persisting Meta logs: Cannot create the API instance because the access token is missing. : []
2026-04-12T14:12:51+00:00 ERROR Error persisting Meta logs: Cannot create the API instance because the access token is missing. : []
2026-04-12T14:12:51+00:00 ERROR Error persisting Meta logs: Cannot create the API instance because the access token is missing. : []
2026-04-12T14:16:21+00:00 ERROR Error persisting Meta logs: Cannot create the API instance because the access token is missing. : []
2026-04-12T14:16:21+00:00 ERROR Error persisting Meta logs: Cannot create the API instance because the access token is missing. : []
2026-04-12T14:16:21+00:00 ERROR Error persisting Meta logs: Cannot create the API instance because the access token is missing. : []
2026-04-12T14:20:49+00:00 ERROR Error persisting Meta logs: Cannot create the API instance because the access token is missing. : []
2026-04-12T14:20:49+00:00 ERROR Error persisting Meta logs: Cannot create the API instance because the access token is missing. : []
2026-04-12T14:20:49+00:00 ERROR Error persisting Meta logs: Cannot create the API instance because the access token is missing. : []
2026-04-12T14:27:33+00:00 ERROR Error persisting Meta logs: Cannot create the API instance because the access token is missing. : []
2026-04-12T14:27:33+00:00 ERROR Error persisting Meta logs: Cannot create the API instance because the access token is missing. : []
2026-04-12T14:27:33+00:00 ERROR Error persisting Meta logs: Cannot create the API instance because the access token is missing. : []
2026-04-12T14:32:20+00:00 ERROR Error persisting Meta logs: Cannot create the API instance because the access token is missing. : []
2026-04-12T14:32:20+00:00 ERROR Error persisting Meta logs: Cannot create the API instance because the access token is missing. : []
2026-04-12T14:32:20+00:00 ERROR Error persisting Meta logs: Cannot create the API instance because the access token is missing. : []
2026-04-12T14:36:26+00:00 ERROR Error persisting Meta logs: Cannot create the API instance because the access token is missing. : []
2026-04-12T14:36:26+00:00 ERROR Error persisting Meta logs: Cannot create the API instance because the access token is missing. : []
2026-04-12T14:36:26+00:00 ERROR Error persisting Meta logs: Cannot create the API instance because the access token is missing. : []
2026-04-12T14:37:12+00:00 DEBUG User visited the Meta for WooCommerce settingsshopstab : {"flow_name":"settings","flow_step":"shops_tab_rendered"}
