2026-05-07T02:25:40+00:00 NOTICE Unable to detect valid feed configuration: No catalog ID
2026-05-07T02:25:40+00:00 NOTICE There was an error trying to get product set data in a catalog: Cannot create the API instance because the access token is missing.
2026-05-07T02:25:40+00:00 ERROR ProductSetSync exception: exception_code : 0; exception_class : WooCommerce\Facebook\Framework\Api\Exception: exception_message : Cannot create the API instance because the access token is missing.; exception_trace : #0 /var/www/html/wp-content/plugins/facebook-for-woocommerce/includes/ProductSets/ProductSetSync.php(139): WC_Facebookcommerce->get_api()
#1 /var/www/html/wp-content/plugins/facebook-for-woocommerce/includes/ProductSets/ProductSetSync.php(226): WooCommerce\Facebook\ProductSets\ProductSetSync->get_fb_product_set_id()
#2 /var/www/html/wp-content/plugins/facebook-for-woocommerce/includes/ProductSets/ProductSetSync.php(107): WooCommerce\Facebook\ProductSets\ProductSetSync->sync_all_wc_product_categories()
#3 /var/www/html/wp-includes/class-wp-hook.php(341): WooCommerce\Facebook\ProductSets\ProductSetSync->sync_all_product_sets()
#4 /var/www/html/wp-includes/class-wp-hook.php(365): WP_Hook->apply_filters()
#5 /var/www/html/wp-includes/plugin.php(570): WP_Hook->do_action()
#6 /var/www/html/wp-content/plugins/woocommerce/packages/action-scheduler/classes/actions/ActionScheduler_Action.php(86): do_action_ref_array()
#7 /var/www/html/wp-content/plugins/woocommerce/packages/action-scheduler/classes/abstracts/ActionScheduler_Abstract_QueueRunner.php(103): ActionScheduler_Action->execute()
#8 /var/www/html/wp-content/plugins/woocommerce/packages/action-scheduler/classes/ActionScheduler_QueueRunner.php(188): ActionScheduler_Abstract_QueueRunner->process_action()
#9 /var/www/html/wp-content/plugins/woocommerce/packages/action-scheduler/classes/ActionScheduler_QueueRunner.php(158): ActionScheduler_QueueRunner->do_batch()
#10 /var/www/html/wp-includes/class-wp-hook.php(341): ActionScheduler_QueueRunner->run()
#11 /var/www/html/wp-includes/class-wp-hook.php(365): WP_Hook->apply_filters()
#12 /var/www/html/wp-includes/plugin.php(570): WP_Hook->do_action()
#13 /var/www/html/wp-cron.php(191): do_action_ref_array()
#14 {main}
2026-05-07T02:25:40+00:00 NOTICE There was an error trying to get product set data in a catalog: Cannot create the API instance because the access token is missing.
2026-05-07T02:25:40+00:00 ERROR ProductSetSync exception: exception_code : 0; exception_class : WooCommerce\Facebook\Framework\Api\Exception: exception_message : Cannot create the API instance because the access token is missing.; exception_trace : #0 /var/www/html/wp-content/plugins/facebook-for-woocommerce/includes/ProductSets/ProductSetSync.php(139): WC_Facebookcommerce->get_api()
#1 /var/www/html/wp-content/plugins/facebook-for-woocommerce/includes/ProductSets/ProductSetSync.php(226): WooCommerce\Facebook\ProductSets\ProductSetSync->get_fb_product_set_id()
#2 /var/www/html/wp-content/plugins/facebook-for-woocommerce/includes/ProductSets/ProductSetSync.php(107): WooCommerce\Facebook\ProductSets\ProductSetSync->sync_all_wc_product_categories()
#3 /var/www/html/wp-includes/class-wp-hook.php(341): WooCommerce\Facebook\ProductSets\ProductSetSync->sync_all_product_sets()
#4 /var/www/html/wp-includes/class-wp-hook.php(365): WP_Hook->apply_filters()
#5 /var/www/html/wp-includes/plugin.php(570): WP_Hook->do_action()
#6 /var/www/html/wp-content/plugins/woocommerce/packages/action-scheduler/classes/actions/ActionScheduler_Action.php(86): do_action_ref_array()
#7 /var/www/html/wp-content/plugins/woocommerce/packages/action-scheduler/classes/abstracts/ActionScheduler_Abstract_QueueRunner.php(103): ActionScheduler_Action->execute()
#8 /var/www/html/wp-content/plugins/woocommerce/packages/action-scheduler/classes/ActionScheduler_QueueRunner.php(188): ActionScheduler_Abstract_QueueRunner->process_action()
#9 /var/www/html/wp-content/plugins/woocommerce/packages/action-scheduler/classes/ActionScheduler_QueueRunner.php(158): ActionScheduler_QueueRunner->do_batch()
#10 /var/www/html/wp-includes/class-wp-hook.php(341): ActionScheduler_QueueRunner->run()
#11 /var/www/html/wp-includes/class-wp-hook.php(365): WP_Hook->apply_filters()
#12 /var/www/html/wp-includes/plugin.php(570): WP_Hook->do_action()
#13 /var/www/html/wp-cron.php(191): do_action_ref_array()
#14 {main}
2026-05-07T02:25:40+00:00 NOTICE There was an error trying to get product set data in a catalog: Cannot create the API instance because the access token is missing.
2026-05-07T02:25:40+00:00 ERROR ProductSetSync exception: exception_code : 0; exception_class : WooCommerce\Facebook\Framework\Api\Exception: exception_message : Cannot create the API instance because the access token is missing.; exception_trace : #0 /var/www/html/wp-content/plugins/facebook-for-woocommerce/includes/ProductSets/ProductSetSync.php(139): WC_Facebookcommerce->get_api()
#1 /var/www/html/wp-content/plugins/facebook-for-woocommerce/includes/ProductSets/ProductSetSync.php(226): WooCommerce\Facebook\ProductSets\ProductSetSync->get_fb_product_set_id()
#2 /var/www/html/wp-content/plugins/facebook-for-woocommerce/includes/ProductSets/ProductSetSync.php(107): WooCommerce\Facebook\ProductSets\ProductSetSync->sync_all_wc_product_categories()
#3 /var/www/html/wp-includes/class-wp-hook.php(341): WooCommerce\Facebook\ProductSets\ProductSetSync->sync_all_product_sets()
#4 /var/www/html/wp-includes/class-wp-hook.php(365): WP_Hook->apply_filters()
#5 /var/www/html/wp-includes/plugin.php(570): WP_Hook->do_action()
#6 /var/www/html/wp-content/plugins/woocommerce/packages/action-scheduler/classes/actions/ActionScheduler_Action.php(86): do_action_ref_array()
#7 /var/www/html/wp-content/plugins/woocommerce/packages/action-scheduler/classes/abstracts/ActionScheduler_Abstract_QueueRunner.php(103): ActionScheduler_Action->execute()
#8 /var/www/html/wp-content/plugins/woocommerce/packages/action-scheduler/classes/ActionScheduler_QueueRunner.php(188): ActionScheduler_Abstract_QueueRunner->process_action()
#9 /var/www/html/wp-content/plugins/woocommerce/packages/action-scheduler/classes/ActionScheduler_QueueRunner.php(158): ActionScheduler_QueueRunner->do_batch()
#10 /var/www/html/wp-includes/class-wp-hook.php(341): ActionScheduler_QueueRunner->run()
#11 /var/www/html/wp-includes/class-wp-hook.php(365): WP_Hook->apply_filters()
#12 /var/www/html/wp-includes/plugin.php(570): WP_Hook->do_action()
#13 /var/www/html/wp-cron.php(191): do_action_ref_array()
#14 {main}
2026-05-07T02:25:40+00:00 NOTICE There was an error trying to get product set data in a catalog: Cannot create the API instance because the access token is missing.
2026-05-07T02:25:40+00:00 ERROR ProductSetSync exception: exception_code : 0; exception_class : WooCommerce\Facebook\Framework\Api\Exception: exception_message : Cannot create the API instance because the access token is missing.; exception_trace : #0 /var/www/html/wp-content/plugins/facebook-for-woocommerce/includes/ProductSets/ProductSetSync.php(139): WC_Facebookcommerce->get_api()
#1 /var/www/html/wp-content/plugins/facebook-for-woocommerce/includes/ProductSets/ProductSetSync.php(226): WooCommerce\Facebook\ProductSets\ProductSetSync->get_fb_product_set_id()
#2 /var/www/html/wp-content/plugins/facebook-for-woocommerce/includes/ProductSets/ProductSetSync.php(107): WooCommerce\Facebook\ProductSets\ProductSetSync->sync_all_wc_product_categories()
#3 /var/www/html/wp-includes/class-wp-hook.php(341): WooCommerce\Facebook\ProductSets\ProductSetSync->sync_all_product_sets()
#4 /var/www/html/wp-includes/class-wp-hook.php(365): WP_Hook->apply_filters()
#5 /var/www/html/wp-includes/plugin.php(570): WP_Hook->do_action()
#6 /var/www/html/wp-content/plugins/woocommerce/packages/action-scheduler/classes/actions/ActionScheduler_Action.php(86): do_action_ref_array()
#7 /var/www/html/wp-content/plugins/woocommerce/packages/action-scheduler/classes/abstracts/ActionScheduler_Abstract_QueueRunner.php(103): ActionScheduler_Action->execute()
#8 /var/www/html/wp-content/plugins/woocommerce/packages/action-scheduler/classes/ActionScheduler_QueueRunner.php(188): ActionScheduler_Abstract_QueueRunner->process_action()
#9 /var/www/html/wp-content/plugins/woocommerce/packages/action-scheduler/classes/ActionScheduler_QueueRunner.php(158): ActionScheduler_QueueRunner->do_batch()
#10 /var/www/html/wp-includes/class-wp-hook.php(341): ActionScheduler_QueueRunner->run()
#11 /var/www/html/wp-includes/class-wp-hook.php(365): WP_Hook->apply_filters()
#12 /var/www/html/wp-includes/plugin.php(570): WP_Hook->do_action()
#13 /var/www/html/wp-cron.php(191): do_action_ref_array()
#14 {main}
2026-05-07T02:25:40+00:00 WARNING Product feed scheduling failed: Integration not configured. : {"flow_name":"product_feed","flow_step":"schedule_feed_generation"}
2026-05-07T02:25:40+00:00 WARNING Language override feed scheduling failed: Integration not configured. : {"flow_name":"language_override_feed","flow_step":"schedule_feed_generation"}
2026-05-07T02:45:28+00:00 ERROR Error persisting Meta logs: Cannot create the API instance because the access token is missing. : []
2026-05-07T02:45:28+00:00 ERROR Error persisting error logs: Cannot create the API instance because the access token is missing. : []
2026-05-07T03:29:01+00:00 ERROR Error persisting Meta logs: Cannot create the API instance because the access token is missing. : []
2026-05-07T04:00:30+00:00 ERROR Error persisting Meta logs: Cannot create the API instance because the access token is missing. : []
2026-05-07T04:00:30+00:00 WARNING Product feed scheduling failed: Integration not configured. : {"flow_name":"product_feed","flow_step":"schedule_feed_generation"}
2026-05-07T04:00:30+00:00 WARNING Language override feed scheduling failed: Integration not configured. : {"flow_name":"language_override_feed","flow_step":"schedule_feed_generation"}
2026-05-07T05:27:49+00:00 WARNING Product feed scheduling failed: Integration not configured. : {"flow_name":"product_feed","flow_step":"schedule_feed_generation"}
2026-05-07T05:27:50+00:00 WARNING Language override feed scheduling failed: Integration not configured. : {"flow_name":"language_override_feed","flow_step":"schedule_feed_generation"}
2026-05-07T05:27:50+00:00 ERROR Error persisting Meta logs: Cannot create the API instance because the access token is missing. : []
2026-05-07T06:37:56+00:00 WARNING Product feed scheduling failed: Integration not configured. : {"flow_name":"product_feed","flow_step":"schedule_feed_generation"}
2026-05-07T06:37:56+00:00 WARNING Language override feed scheduling failed: Integration not configured. : {"flow_name":"language_override_feed","flow_step":"schedule_feed_generation"}
2026-05-07T06:37:56+00:00 ERROR Error persisting error logs: Cannot create the API instance because the access token is missing. : []
2026-05-07T07:33:17+00:00 ERROR Error persisting Meta logs: Cannot create the API instance because the access token is missing. : []
2026-05-07T07:59:19+00:00 ERROR Error persisting Meta logs: Cannot create the API instance because the access token is missing. : []
2026-05-07T07:59:19+00:00 WARNING Product feed scheduling failed: Integration not configured. : {"flow_name":"product_feed","flow_step":"schedule_feed_generation"}
2026-05-07T07:59:19+00:00 WARNING Language override feed scheduling failed: Integration not configured. : {"flow_name":"language_override_feed","flow_step":"schedule_feed_generation"}
2026-05-07T08:05:03+00:00 ERROR Error persisting Meta logs: Cannot create the API instance because the access token is missing. : []
2026-05-07T09:59:40+00:00 WARNING Product feed scheduling failed: Integration not configured. : {"flow_name":"product_feed","flow_step":"schedule_feed_generation"}
2026-05-07T09:59:40+00:00 WARNING Language override feed scheduling failed: Integration not configured. : {"flow_name":"language_override_feed","flow_step":"schedule_feed_generation"}
2026-05-07T09:59:40+00:00 ERROR Error persisting error logs: Cannot create the API instance because the access token is missing. : []
2026-05-07T10:04:53+00:00 ERROR Error persisting Meta logs: Cannot create the API instance because the access token is missing. : []
2026-05-07T10:06:14+00:00 ERROR Error persisting Meta logs: Cannot create the API instance because the access token is missing. : []
2026-05-07T13:03:22+00:00 WARNING Product feed scheduling failed: Integration not configured. : {"flow_name":"product_feed","flow_step":"schedule_feed_generation"}
2026-05-07T13:03:22+00:00 WARNING Language override feed scheduling failed: Integration not configured. : {"flow_name":"language_override_feed","flow_step":"schedule_feed_generation"}
2026-05-07T13:03:22+00:00 ERROR Error persisting error logs: Cannot create the API instance because the access token is missing. : []
2026-05-07T14:02:39+00:00 ERROR Error persisting Meta logs: Cannot create the API instance because the access token is missing. : []
2026-05-07T14:32:50+00:00 ERROR Error persisting Meta logs: Cannot create the API instance because the access token is missing. : []
2026-05-07T16:21:35+00:00 WARNING Product feed scheduling failed: Integration not configured. : {"flow_name":"product_feed","flow_step":"schedule_feed_generation"}
2026-05-07T16:21:35+00:00 WARNING Language override feed scheduling failed: Integration not configured. : {"flow_name":"language_override_feed","flow_step":"schedule_feed_generation"}
2026-05-07T16:21:35+00:00 ERROR Error persisting error logs: Cannot create the API instance because the access token is missing. : []
2026-05-07T16:21:35+00:00 ERROR Error persisting Meta logs: Cannot create the API instance because the access token is missing. : []
2026-05-07T16:54:50+00:00 ERROR Error persisting Meta logs: Cannot create the API instance because the access token is missing. : []
2026-05-07T17:41:48+00:00 ERROR Error persisting Meta logs: Cannot create the API instance because the access token is missing. : []
2026-05-07T18:04:45+00:00 ERROR Error persisting Meta logs: Cannot create the API instance because the access token is missing. : []
2026-05-07T18:04:45+00:00 WARNING Product feed scheduling failed: Integration not configured. : {"flow_name":"product_feed","flow_step":"schedule_feed_generation"}
2026-05-07T18:04:45+00:00 WARNING Language override feed scheduling failed: Integration not configured. : {"flow_name":"language_override_feed","flow_step":"schedule_feed_generation"}
2026-05-07T19:06:23+00:00 WARNING Product feed scheduling failed: Integration not configured. : {"flow_name":"product_feed","flow_step":"schedule_feed_generation"}
2026-05-07T19:06:23+00:00 WARNING Language override feed scheduling failed: Integration not configured. : {"flow_name":"language_override_feed","flow_step":"schedule_feed_generation"}
2026-05-07T20:14:53+00:00 WARNING Product feed scheduling failed: Integration not configured. : {"flow_name":"product_feed","flow_step":"schedule_feed_generation"}
2026-05-07T20:14:53+00:00 WARNING Language override feed scheduling failed: Integration not configured. : {"flow_name":"language_override_feed","flow_step":"schedule_feed_generation"}
2026-05-07T20:14:53+00:00 ERROR Error persisting error logs: Cannot create the API instance because the access token is missing. : []
2026-05-07T20:31:04+00:00 ERROR Error persisting Meta logs: Cannot create the API instance because the access token is missing. : []
2026-05-07T21:24:39+00:00 ERROR Error persisting Meta logs: Cannot create the API instance because the access token is missing. : []
2026-05-07T22:04:57+00:00 ERROR Error persisting Meta logs: Cannot create the API instance because the access token is missing. : []
2026-05-07T22:04:58+00:00 WARNING Product feed scheduling failed: Integration not configured. : {"flow_name":"product_feed","flow_step":"schedule_feed_generation"}
2026-05-07T22:04:58+00:00 WARNING Language override feed scheduling failed: Integration not configured. : {"flow_name":"language_override_feed","flow_step":"schedule_feed_generation"}
2026-05-07T23:38:46+00:00 WARNING Product feed scheduling failed: Integration not configured. : {"flow_name":"product_feed","flow_step":"schedule_feed_generation"}
2026-05-07T23:38:46+00:00 WARNING Language override feed scheduling failed: Integration not configured. : {"flow_name":"language_override_feed","flow_step":"schedule_feed_generation"}
2026-05-07T23:38:46+00:00 ERROR Error persisting error logs: Cannot create the API instance because the access token is missing. : []
