2026-04-12T00:04:40+00:00 WARNING Product feed scheduling failed: Integration not configured. : {"flow_name":"product_feed","flow_step":"schedule_feed_generation"}
2026-04-12T00:04:40+00:00 WARNING Language override feed scheduling failed: Integration not configured. : {"flow_name":"language_override_feed","flow_step":"schedule_feed_generation"}
2026-04-12T00:04:40+00:00 ERROR Error persisting Meta logs: Cannot create the API instance because the access token is missing. : []
2026-04-12T00:04:40+00:00 ERROR Error persisting Meta logs: Cannot create the API instance because the access token is missing. : []
2026-04-12T00:09:29+00:00 ERROR Error persisting Meta logs: Cannot create the API instance because the access token is missing. : []
2026-04-12T00:09:29+00:00 ERROR Error persisting Meta logs: Cannot create the API instance because the access token is missing. : []
2026-04-12T00:14:23+00:00 ERROR Error persisting Meta logs: Cannot create the API instance because the access token is missing. : []
2026-04-12T00:14:23+00:00 ERROR Error persisting Meta logs: Cannot create the API instance because the access token is missing. : []
2026-04-12T00:19:36+00:00 ERROR Error persisting Meta logs: Cannot create the API instance because the access token is missing. : []
2026-04-12T00:19:36+00:00 ERROR Error persisting Meta logs: Cannot create the API instance because the access token is missing. : []
2026-04-12T00:41:26+00:00 ERROR Error persisting Meta logs: Cannot create the API instance because the access token is missing. : []
2026-04-12T00:41:26+00:00 ERROR Error persisting Meta logs: Cannot create the API instance because the access token is missing. : []
2026-04-12T00:46:37+00:00 ERROR Error persisting Meta logs: Cannot create the API instance because the access token is missing. : []
2026-04-12T00:46:37+00:00 ERROR Error persisting Meta logs: Cannot create the API instance because the access token is missing. : []
2026-04-12T00:50:34+00:00 ERROR Error persisting Meta logs: Cannot create the API instance because the access token is missing. : []
2026-04-12T00:50:34+00:00 ERROR Error persisting Meta logs: Cannot create the API instance because the access token is missing. : []
2026-04-12T00:56:03+00:00 ERROR Error persisting Meta logs: Cannot create the API instance because the access token is missing. : []
2026-04-12T00:56:03+00:00 ERROR Error persisting Meta logs: Cannot create the API instance because the access token is missing. : []
2026-04-12T01:12:42+00:00 ERROR Error persisting Meta logs: Cannot create the API instance because the access token is missing. : []
2026-04-12T01:12:42+00:00 ERROR Error persisting Meta logs: Cannot create the API instance because the access token is missing. : []
2026-04-12T01:12:42+00:00 WARNING Product feed scheduling failed: Integration not configured. : {"flow_name":"product_feed","flow_step":"schedule_feed_generation"}
2026-04-12T01:12:42+00:00 WARNING Language override feed scheduling failed: Integration not configured. : {"flow_name":"language_override_feed","flow_step":"schedule_feed_generation"}
2026-04-12T01:17:40+00:00 ERROR Error persisting Meta logs: Cannot create the API instance because the access token is missing. : []
2026-04-12T01:17:40+00:00 ERROR Error persisting Meta logs: Cannot create the API instance because the access token is missing. : []
2026-04-12T01:22:19+00:00 ERROR Error persisting Meta logs: Cannot create the API instance because the access token is missing. : []
2026-04-12T01:22:19+00:00 ERROR Error persisting Meta logs: Cannot create the API instance because the access token is missing. : []
2026-04-12T01:28:54+00:00 ERROR Error persisting Meta logs: Cannot create the API instance because the access token is missing. : []
2026-04-12T01:28:54+00:00 ERROR Error persisting Meta logs: Cannot create the API instance because the access token is missing. : []
2026-04-12T01:32:47+00:00 ERROR Error persisting Meta logs: Cannot create the API instance because the access token is missing. : []
2026-04-12T01:32:47+00:00 ERROR Error persisting Meta logs: Cannot create the API instance because the access token is missing. : []
2026-04-12T01:36:48+00:00 ERROR Error persisting Meta logs: Cannot create the API instance because the access token is missing. : []
2026-04-12T01:36:48+00:00 ERROR Error persisting Meta logs: Cannot create the API instance because the access token is missing. : []
2026-04-12T01:41:42+00:00 ERROR Error persisting Meta logs: Cannot create the API instance because the access token is missing. : []
2026-04-12T01:41:42+00:00 ERROR Error persisting Meta logs: Cannot create the API instance because the access token is missing. : []
2026-04-12T02:05:17+00:00 ERROR Error persisting Meta logs: Cannot create the API instance because the access token is missing. : []
2026-04-12T02:05:17+00:00 ERROR Error persisting Meta logs: Cannot create the API instance because the access token is missing. : []
2026-04-12T02:05:17+00:00 ERROR Error persisting error logs: Cannot create the API instance because the access token is missing. : []
2026-04-12T02:06:19+00:00 ERROR Error persisting Meta logs: Cannot create the API instance because the access token is missing. : []
2026-04-12T02:06:19+00:00 ERROR Error persisting Meta logs: Cannot create the API instance because the access token is missing. : []
2026-04-12T02:11:26+00:00 ERROR Error persisting Meta logs: Cannot create the API instance because the access token is missing. : []
2026-04-12T02:11:26+00:00 ERROR Error persisting Meta logs: Cannot create the API instance because the access token is missing. : []
2026-04-12T02:18:20+00:00 ERROR Error persisting Meta logs: Cannot create the API instance because the access token is missing. : []
2026-04-12T02:18:20+00:00 ERROR Error persisting Meta logs: Cannot create the API instance because the access token is missing. : []
2026-04-12T02:21:44+00:00 ERROR Error persisting Meta logs: Cannot create the API instance because the access token is missing. : []
2026-04-12T02:21:44+00:00 ERROR Error persisting Meta logs: Cannot create the API instance because the access token is missing. : []
2026-04-12T02:29:25+00:00 ERROR Error persisting Meta logs: Cannot create the API instance because the access token is missing. : []
2026-04-12T02:29:25+00:00 ERROR Error persisting Meta logs: Cannot create the API instance because the access token is missing. : []
2026-04-12T02:39:33+00:00 ERROR Error persisting Meta logs: Cannot create the API instance because the access token is missing. : []
2026-04-12T02:39:33+00:00 ERROR Error persisting Meta logs: Cannot create the API instance because the access token is missing. : []
2026-04-12T02:57:24+00:00 ERROR Error persisting Meta logs: Cannot create the API instance because the access token is missing. : []
2026-04-12T02:57:24+00:00 ERROR Error persisting Meta logs: Cannot create the API instance because the access token is missing. : []
2026-04-12T03:16:54+00:00 ERROR Error persisting Meta logs: Cannot create the API instance because the access token is missing. : []
2026-04-12T03:16:54+00:00 ERROR Error persisting Meta logs: Cannot create the API instance because the access token is missing. : []
2026-04-12T03:16:54+00:00 WARNING Product feed scheduling failed: Integration not configured. : {"flow_name":"product_feed","flow_step":"schedule_feed_generation"}
2026-04-12T03:16:54+00:00 WARNING Language override feed scheduling failed: Integration not configured. : {"flow_name":"language_override_feed","flow_step":"schedule_feed_generation"}
2026-04-12T03:22:22+00:00 ERROR Error persisting Meta logs: Cannot create the API instance because the access token is missing. : []
2026-04-12T03:22:22+00:00 ERROR Error persisting Meta logs: Cannot create the API instance because the access token is missing. : []
2026-04-12T03:50:51+00:00 ERROR Error persisting Meta logs: Cannot create the API instance because the access token is missing. : []
2026-04-12T03:50:51+00:00 ERROR Error persisting Meta logs: Cannot create the API instance because the access token is missing. : []
2026-04-12T03:51:26+00:00 ERROR Error persisting Meta logs: Cannot create the API instance because the access token is missing. : []
2026-04-12T03:51:26+00:00 ERROR Error persisting Meta logs: Cannot create the API instance because the access token is missing. : []
2026-04-12T03:59:27+00:00 ERROR Error persisting Meta logs: Cannot create the API instance because the access token is missing. : []
2026-04-12T03:59:27+00:00 ERROR Error persisting Meta logs: Cannot create the API instance because the access token is missing. : []
2026-04-12T06:03:59+00:00 WARNING Product feed scheduling failed: Integration not configured. : {"flow_name":"product_feed","flow_step":"schedule_feed_generation"}
2026-04-12T06:03:59+00:00 WARNING Language override feed scheduling failed: Integration not configured. : {"flow_name":"language_override_feed","flow_step":"schedule_feed_generation"}
2026-04-12T06:03:59+00:00 ERROR Error persisting error logs: Cannot create the API instance because the access token is missing. : []
2026-04-12T07:27:35+00:00 WARNING Product feed scheduling failed: Integration not configured. : {"flow_name":"product_feed","flow_step":"schedule_feed_generation"}
2026-04-12T07:27:35+00:00 WARNING Language override feed scheduling failed: Integration not configured. : {"flow_name":"language_override_feed","flow_step":"schedule_feed_generation"}
2026-04-12T07:36:16+00:00 ERROR Error persisting Meta logs: Cannot create the API instance because the access token is missing. : []
2026-04-12T07:36:43+00:00 ERROR Error persisting Meta logs: Cannot create the API instance because the access token is missing. : []
2026-04-12T07:51:43+00:00 ERROR Error persisting Meta logs: Cannot create the API instance because the access token is missing. : []
2026-04-12T07:59:48+00:00 ERROR Error persisting Meta logs: Cannot create the API instance because the access token is missing. : []
2026-04-12T08:06:21+00:00 ERROR Error persisting Meta logs: Cannot create the API instance because the access token is missing. : []
2026-04-12T08:08:13+00:00 ERROR Error persisting Meta logs: Cannot create the API instance because the access token is missing. : []
2026-04-12T08:15:21+00:00 ERROR Error persisting Meta logs: Cannot create the API instance because the access token is missing. : []
2026-04-12T08:16:56+00:00 ERROR Error persisting Meta logs: Cannot create the API instance because the access token is missing. : []
2026-04-12T08:29:31+00:00 ERROR Error persisting Meta logs: Cannot create the API instance because the access token is missing. : []
2026-04-12T08:31:39+00:00 ERROR Error persisting Meta logs: Cannot create the API instance because the access token is missing. : []
2026-04-12T08:38:03+00:00 ERROR Error persisting Meta logs: Cannot create the API instance because the access token is missing. : []
2026-04-12T08:39:03+00:00 ERROR Error persisting Meta logs: Cannot create the API instance because the access token is missing. : []
2026-04-12T09:01:22+00:00 ERROR Error persisting Meta logs: Cannot create the API instance because the access token is missing. : []
2026-04-12T09:06:20+00:00 WARNING Product feed scheduling failed: Integration not configured. : {"flow_name":"product_feed","flow_step":"schedule_feed_generation"}
2026-04-12T09:06:20+00:00 WARNING Language override feed scheduling failed: Integration not configured. : {"flow_name":"language_override_feed","flow_step":"schedule_feed_generation"}
2026-04-12T09:06:20+00:00 ERROR Error persisting error logs: Cannot create the API instance because the access token is missing. : []
2026-04-12T09:06:20+00:00 ERROR Error persisting Meta logs: Cannot create the API instance because the access token is missing. : []
2026-04-12T09:16:19+00:00 ERROR Error persisting Meta logs: Cannot create the API instance because the access token is missing. : []
2026-04-12T09:41:31+00:00 ERROR Error persisting Meta logs: Cannot create the API instance because the access token is missing. : []
2026-04-12T09:44:22+00:00 ERROR Error persisting Meta logs: Cannot create the API instance because the access token is missing. : []
2026-04-12T09:53:28+00:00 ERROR Error persisting Meta logs: Cannot create the API instance because the access token is missing. : []
2026-04-12T10:01:33+00:00 ERROR Error persisting Meta logs: Cannot create the API instance because the access token is missing. : []
2026-04-12T10:08:10+00:00 ERROR Error persisting Meta logs: Cannot create the API instance because the access token is missing. : []
2026-04-12T10:09:10+00:00 WARNING Product feed scheduling failed: Integration not configured. : {"flow_name":"product_feed","flow_step":"schedule_feed_generation"}
2026-04-12T10:09:10+00:00 WARNING Language override feed scheduling failed: Integration not configured. : {"flow_name":"language_override_feed","flow_step":"schedule_feed_generation"}
2026-04-12T10:09:10+00:00 ERROR Error persisting Meta logs: Cannot create the API instance because the access token is missing. : []
2026-04-12T10:41:09+00:00 ERROR Error persisting Meta logs: Cannot create the API instance because the access token is missing. : []
2026-04-12T10:57:41+00:00 ERROR Error persisting Meta logs: Cannot create the API instance because the access token is missing. : []
2026-04-12T11:03:48+00:00 ERROR Error persisting Meta logs: Cannot create the API instance because the access token is missing. : []
2026-04-12T11:16:17+00:00 ERROR Error persisting Meta logs: Cannot create the API instance because the access token is missing. : []
2026-04-12T11:16:17+00:00 WARNING Product feed scheduling failed: Integration not configured. : {"flow_name":"product_feed","flow_step":"schedule_feed_generation"}
2026-04-12T11:16:17+00:00 WARNING Language override feed scheduling failed: Integration not configured. : {"flow_name":"language_override_feed","flow_step":"schedule_feed_generation"}
2026-04-12T11:16:34+00:00 ERROR Error persisting Meta logs: Cannot create the API instance because the access token is missing. : []
2026-04-12T11:25:19+00:00 ERROR Error persisting Meta logs: Cannot create the API instance because the access token is missing. : []
2026-04-12T11:28:08+00:00 ERROR Error persisting Meta logs: Cannot create the API instance because the access token is missing. : []
2026-04-12T11:38:20+00:00 ERROR Error persisting Meta logs: Cannot create the API instance because the access token is missing. : []
2026-04-12T11:52:38+00:00 ERROR Error persisting Meta logs: Cannot create the API instance because the access token is missing. : []
2026-04-12T12:00:07+00:00 ERROR Error persisting Meta logs: Cannot create the API instance because the access token is missing. : []
2026-04-12T12:00:19+00:00 ERROR Error persisting Meta logs: Cannot create the API instance because the access token is missing. : []
2026-04-12T12:04:08+00:00 ERROR Error persisting Meta logs: Cannot create the API instance because the access token is missing. : []
2026-04-12T12:18:52+00:00 ERROR Error persisting Meta logs: Cannot create the API instance because the access token is missing. : []
2026-04-12T12:23:29+00:00 ERROR Error persisting Meta logs: Cannot create the API instance because the access token is missing. : []
2026-04-12T12:29:18+00:00 ERROR Error persisting Meta logs: Cannot create the API instance because the access token is missing. : []
2026-04-12T12:40:09+00:00 ERROR Error persisting Meta logs: Cannot create the API instance because the access token is missing. : []
2026-04-12T12:40:20+00:00 ERROR Error persisting Meta logs: Cannot create the API instance because the access token is missing. : []
2026-04-12T12:41:35+00:00 ERROR Error persisting Meta logs: Cannot create the API instance because the access token is missing. : []
2026-04-12T12:54:35+00:00 ERROR Error persisting Meta logs: Cannot create the API instance because the access token is missing. : []
2026-04-12T12:55:21+00:00 ERROR Error persisting Meta logs: Cannot create the API instance because the access token is missing. : []
2026-04-12T13:01:21+00:00 ERROR Error persisting Meta logs: Cannot create the API instance because the access token is missing. : []
2026-04-12T13:13:32+00:00 ERROR Error persisting Meta logs: Cannot create the API instance because the access token is missing. : []
2026-04-12T13:22:07+00:00 WARNING Product feed scheduling failed: Integration not configured. : {"flow_name":"product_feed","flow_step":"schedule_feed_generation"}
2026-04-12T13:22:07+00:00 WARNING Language override feed scheduling failed: Integration not configured. : {"flow_name":"language_override_feed","flow_step":"schedule_feed_generation"}
2026-04-12T13:22:07+00:00 ERROR Error persisting error logs: Cannot create the API instance because the access token is missing. : []
2026-04-12T13:22:07+00:00 ERROR Error persisting Meta logs: Cannot create the API instance because the access token is missing. : []
2026-04-12T13:29:02+00:00 ERROR Error persisting Meta logs: Cannot create the API instance because the access token is missing. : []
2026-04-12T13:34:22+00:00 ERROR Error persisting Meta logs: Cannot create the API instance because the access token is missing. : []
2026-04-12T13:35:20+00:00 ERROR Error persisting Meta logs: Cannot create the API instance because the access token is missing. : []
2026-04-12T13:37:08+00:00 ERROR Error persisting Meta logs: Cannot create the API instance because the access token is missing. : []
2026-04-12T13:47:20+00:00 ERROR Error persisting Meta logs: Cannot create the API instance because the access token is missing. : []
2026-04-12T13:51:25+00:00 ERROR Error persisting Meta logs: Cannot create the API instance because the access token is missing. : []
2026-04-12T13:54:55+00:00 DEBUG User visited the Meta for WooCommerce settingsshopstab : {"flow_name":"settings","flow_step":"shops_tab_rendered"}
2026-04-12T13:57:12+00:00 ERROR Error persisting Meta logs: Cannot create the API instance because the access token is missing. : []
2026-04-12T14:00:39+00:00 DEBUG User visited the Meta for WooCommerce settingsshopstab : {"flow_name":"settings","flow_step":"shops_tab_rendered"}
2026-04-12T14:01:41+00:00 ERROR Error persisting Meta logs: Cannot create the API instance because the access token is missing. : []
2026-04-12T16:19:32+00:00 DEBUG User visited the Meta for WooCommerce settingsshopstab : {"flow_name":"settings","flow_step":"shops_tab_rendered"}
2026-04-12T16:23:35+00:00 ERROR Error persisting Meta logs: Cannot create the API instance because the access token is missing. : []
2026-04-12T16:27:37+00:00 ERROR Error persisting Meta logs: Cannot create the API instance because the access token is missing. : []
2026-04-12T16:32:48+00:00 ERROR Error persisting Meta logs: Cannot create the API instance because the access token is missing. : []
2026-04-12T16:34:25+00:00 DEBUG User visited the Meta for WooCommerce settingsshopstab : {"flow_name":"settings","flow_step":"shops_tab_rendered"}
2026-04-12T16:36:58+00:00 ERROR Error persisting Meta logs: Cannot create the API instance because the access token is missing. : []
2026-04-12T18:12:51+00:00 WARNING Product feed scheduling failed: Integration not configured. : {"flow_name":"product_feed","flow_step":"schedule_feed_generation"}
2026-04-12T18:12:51+00:00 WARNING Language override feed scheduling failed: Integration not configured. : {"flow_name":"language_override_feed","flow_step":"schedule_feed_generation"}
2026-04-12T18:12:51+00:00 ERROR Error persisting error logs: Cannot create the API instance because the access token is missing. : []
2026-04-12T18:13:45+00:00 ERROR Error persisting Meta logs: Cannot create the API instance because the access token is missing. : []
2026-04-12T23:51:39+00:00 WARNING Product feed scheduling failed: Integration not configured. : {"flow_name":"product_feed","flow_step":"schedule_feed_generation"}
2026-04-12T23:51:40+00:00 WARNING Language override feed scheduling failed: Integration not configured. : {"flow_name":"language_override_feed","flow_step":"schedule_feed_generation"}
2026-04-12T23:51:40+00:00 ERROR Error persisting error logs: Cannot create the API instance because the access token is missing. : []
